// Jest Snapshot v1, https://goo.gl/fbAQLP

exports[`PhonebookList Snapshot renders 1`] = `<div />`;
